// Jest Snapshot v1, https://goo.gl/fbAQLP

exports[`Calculator component displays specific text on the screen 1`] = `
<div
  className="first-div calc-first-div"
>
  <div
    className="header-navbar"
  >
    <div
      className="header-icon"
    >
      <h1>
        Math Magicians
      </h1>
      <i
        className="fas fa-hat-wizard"
      />
    </div>
    <ul
      className="nav-ul"
    >
      <li
        className="li-separator"
      >
        <a
          href="/"
          onClick={[Function]}
        >
          Home
        </a>
      </li>
      <li
        className="li-separator li-calc"
      >
        <a
          href="/calculator"
          onClick={[Function]}
        >
          Calculator
        </a>
      </li>
      <li>
        <a
          href="/quote-of-the-day"
          onClick={[Function]}
        >
          Quote of the Day
        </a>
      </li>
    </ul>
  </div>
  <div
    className="calc-div"
  >
    <h2
      className="calc-h2"
    >
      Let's do some math!
    </h2>
    <div>
      <div
        className="calc-container display-container"
      >
        <p>
          0
        </p>
      </div>
      <div
        className="calc-container btnPanel-container"
      >
        <div
          className="btns-row"
        >
          <button
            className="button-container grey normal"
            onClick={[Function]}
            type="button"
          >
            <span>
              AC
            </span>
          </button>
          <button
            className="button-container grey normal"
            onClick={[Function]}
            type="button"
          >
            <span>
              +/-
            </span>
          </button>
          <button
            className="button-container grey normal"
            onClick={[Function]}
            type="button"
          >
            <span>
              %
            </span>
          </button>
          <button
            className="button-container orange normal"
            onClick={[Function]}
            type="button"
          >
            <span>
              รท
            </span>
          </button>
        </div>
        <div
          className="btns-row"
        >
          <button
            className="button-container grey normal"
            onClick={[Function]}
            type="button"
          >
            <span>
              7
            </span>
          </button>
          <button
            className="button-container grey normal"
            onClick={[Function]}
            type="button"
          >
            <span>
              8
            </span>
          </button>
          <button
            className="button-container grey normal"
            onClick={[Function]}
            type="button"
          >
            <span>
              9
            </span>
          </button>
          <button
            className="button-container orange normal"
            onClick={[Function]}
            type="button"
          >
            <span>
              x
            </span>
          </button>
        </div>
        <div
          className="btns-row"
        >
          <button
            className="button-container grey normal"
            onClick={[Function]}
            type="button"
          >
            <span>
              4
            </span>
          </button>
          <button
            className="button-container grey normal"
            onClick={[Function]}
            type="button"
          >
            <span>
              5
            </span>
          </button>
          <button
            className="button-container grey normal"
            onClick={[Function]}
            type="button"
          >
            <span>
              6
            </span>
          </button>
          <button
            className="button-container orange normal"
            onClick={[Function]}
            type="button"
          >
            <span>
              -
            </span>
          </button>
        </div>
        <div
          className="btns-row"
        >
          <button
            className="button-container grey normal"
            onClick={[Function]}
            type="button"
          >
            <span>
              1
            </span>
          </button>
          <button
            className="button-container grey normal"
            onClick={[Function]}
            type="button"
          >
            <span>
              2
            </span>
          </button>
          <button
            className="button-container grey normal"
            onClick={[Function]}
            type="button"
          >
            <span>
              3
            </span>
          </button>
          <button
            className="button-container orange normal"
            onClick={[Function]}
            type="button"
          >
            <span>
              +
            </span>
          </button>
        </div>
        <div
          className="btns-row"
        >
          <button
            className="button-container grey large"
            onClick={[Function]}
            type="button"
          >
            <span>
              0
            </span>
          </button>
          <button
            className="button-container grey normal"
            onClick={[Function]}
            type="button"
          >
            <span>
              .
            </span>
          </button>
          <button
            className="button-container orange normal"
            onClick={[Function]}
            type="button"
          >
            <span>
              =
            </span>
          </button>
        </div>
      </div>
    </div>
  </div>
</div>
`;

exports[`Calculator component renders Calculator component 1`] = `
<div
  className="first-div calc-first-div"
>
  <div
    className="header-navbar"
  >
    <div
      className="header-icon"
    >
      <h1>
        Math Magicians
      </h1>
      <i
        className="fas fa-hat-wizard"
      />
    </div>
    <ul
      className="nav-ul"
    >
      <li
        className="li-separator"
      >
        <a
          href="/"
          onClick={[Function]}
        >
          Home
        </a>
      </li>
      <li
        className="li-separator li-calc"
      >
        <a
          href="/calculator"
          onClick={[Function]}
        >
          Calculator
        </a>
      </li>
      <li>
        <a
          href="/quote-of-the-day"
          onClick={[Function]}
        >
          Quote of the Day
        </a>
      </li>
    </ul>
  </div>
  <div
    className="calc-div"
  >
    <h2
      className="calc-h2"
    >
      Let's do some math!
    </h2>
    <div>
      <div
        className="calc-container display-container"
      >
        <p>
          0
        </p>
      </div>
      <div
        className="calc-container btnPanel-container"
      >
        <div
          className="btns-row"
        >
          <button
            className="button-container grey normal"
            onClick={[Function]}
            type="button"
          >
            <span>
              AC
            </span>
          </button>
          <button
            className="button-container grey normal"
            onClick={[Function]}
            type="button"
          >
            <span>
              +/-
            </span>
          </button>
          <button
            className="button-container grey normal"
            onClick={[Function]}
            type="button"
          >
            <span>
              %
            </span>
          </button>
          <button
            className="button-container orange normal"
            onClick={[Function]}
            type="button"
          >
            <span>
              รท
            </span>
          </button>
        </div>
        <div
          className="btns-row"
        >
          <button
            className="button-container grey normal"
            onClick={[Function]}
            type="button"
          >
            <span>
              7
            </span>
          </button>
          <button
            className="button-container grey normal"
            onClick={[Function]}
            type="button"
          >
            <span>
              8
            </span>
          </button>
          <button
            className="button-container grey normal"
            onClick={[Function]}
            type="button"
          >
            <span>
              9
            </span>
          </button>
          <button
            className="button-container orange normal"
            onClick={[Function]}
            type="button"
          >
            <span>
              x
            </span>
          </button>
        </div>
        <div
          className="btns-row"
        >
          <button
            className="button-container grey normal"
            onClick={[Function]}
            type="button"
          >
            <span>
              4
            </span>
          </button>
          <button
            className="button-container grey normal"
            onClick={[Function]}
            type="button"
          >
            <span>
              5
            </span>
          </button>
          <button
            className="button-container grey normal"
            onClick={[Function]}
            type="button"
          >
            <span>
              6
            </span>
          </button>
          <button
            className="button-container orange normal"
            onClick={[Function]}
            type="button"
          >
            <span>
              -
            </span>
          </button>
        </div>
        <div
          className="btns-row"
        >
          <button
            className="button-container grey normal"
            onClick={[Function]}
            type="button"
          >
            <span>
              1
            </span>
          </button>
          <button
            className="button-container grey normal"
            onClick={[Function]}
            type="button"
          >
            <span>
              2
            </span>
          </button>
          <button
            className="button-container grey normal"
            onClick={[Function]}
            type="button"
          >
            <span>
              3
            </span>
          </button>
          <button
            className="button-container orange normal"
            onClick={[Function]}
            type="button"
          >
            <span>
              +
            </span>
          </button>
        </div>
        <div
          className="btns-row"
        >
          <button
            className="button-container grey large"
            onClick={[Function]}
            type="button"
          >
            <span>
              0
            </span>
          </button>
          <button
            className="button-container grey normal"
            onClick={[Function]}
            type="button"
          >
            <span>
              .
            </span>
          </button>
          <button
            className="button-container orange normal"
            onClick={[Function]}
            type="button"
          >
            <span>
              =
            </span>
          </button>
        </div>
      </div>
    </div>
  </div>
</div>
`;
